===== MP1 master data & kategori 2026-10-01T04:44:18 =====
[login-super] POST /api/auth/login -> 200 {"user_id":1,"display_name":"","email":"admin@local.test","role":"admin","access_token":"***","refresh_token":"***","expires_in":900,"token_type":"Bearer"}
[login-tp] POST /api/auth/login -> 200 {"user_id":2,"display_name":"admin.tp","email":"admin.tp@local.test","role":"admin","access_token":"***","refresh_token":"***","expires_in":900,"token_type":"Bearer"}
[login-bu] POST /api/auth/login -> 200 {"user_id":3,"display_name":"admin.bu","email":"admin.bu@local.test","role":"admin","access_token":"***","refresh_token":"***","expires_in":900,"token_type":"Bearer"}
--- A. Kategori & isolasi brand
[A1-super-buat-kategori-brand1] POST /api/admin/categories -> 201 {"id":1,"name":"Umroh Plus Turki","slug":"umroh-plus-turki","description":null,"is_active":true,"brands":[{"id":1,"name":"Travel Pertama"}],"created_at":"2026-10-01T04:44:20+07:00","updated_at":"2026-10-01T04:44:20+07:00"}
[A2-brand2-baca-kategori-brand1] GET /api/admin/categories/1 -> 200 {"id":1,"name":"Umroh Plus Turki","slug":"umroh-plus-turki","description":null,"is_active":true,"brands":[{"id":1,"name":"Travel Pertama"}],"created_at":"2026-10-01T04:44:20+07:00","updated_at":"2026-10-01T04:44:20+07:00"}
[A3-brand2-list] GET /api/admin/categories -> 200 []
[A4-brand2-ubah-kategori-brand1] PUT /api/admin/categories/1 -> 200 {"id":1,"name":"Diambil Brand Dua","slug":"diambil-brand-dua","description":null,"is_active":true,"brands":[{"id":2,"name":"Brand Uji Dua","primary_color":"#1D3A70"}],"created_at":"2026-10-01T04:44:20+07:00","updated_at":"2026-10-01T04:44:20+07:00"}
[A5-super-cek-hasil] GET /api/admin/categories/1 -> 200 {"id":1,"name":"Diambil Brand Dua","slug":"diambil-brand-dua","description":null,"is_active":true,"brands":[{"id":2,"name":"Brand Uji Dua","primary_color":"#1D3A70"}],"created_at":"2026-10-01T04:44:20+07:00","updated_at":"2026-10-01T04:44:20+07:00"}
[A6-brand1-buat-kategori] POST /api/admin/categories -> 201 {"id":2,"name":"Kategori Milik TP","slug":"kategori-milik-tp","description":null,"is_active":true,"brands":[{"id":1,"name":"Travel Pertama"}],"created_at":"2026-10-01T04:44:20+07:00","updated_at":"2026-10-01T04:44:20+07:00"}
[A7-brand2-hapus-kategori-brand1] DELETE /api/admin/categories/2 -> 200 {"message":"kategori berhasil dihapus"}
[A8-brand2-buat-kategori-untuk-brand1] POST /api/admin/categories -> 201 {"id":3,"name":"Titip Brand Lain","slug":"titip-brand-lain","description":null,"is_active":true,"brands":[{"id":1,"name":"Travel Pertama"},{"id":2,"name":"Brand Uji Dua","primary_color":"#1D3A70"}],"created_at":"2026-10-01T04:44:20+07:00","updated_at":"2026-10-01T04:44:20+07:00"}
[A9-slug-duplikat] POST /api/admin/categories -> 201 {"id":4,"name":"umroh plus turki","slug":"umroh-plus-turki","description":null,"is_active":true,"brands":[],"created_at":"2026-10-01T04:44:20+07:00","updated_at":"2026-10-01T04:44:20+07:00"}
[A10-publik-kategori-brand1] GET /api/public/categories?brand_id=1 -> 200 [{"id":3,"name":"Titip Brand Lain","slug":"titip-brand-lain","description":null,"is_active":true,"brands":[{"id":1,"name":"Travel Pertama"},{"id":2,"name":"Brand Uji Dua","primary_color":"#1D3A70"}],"package_count":0,"created_at":"2026-10-01T04:44:20+07:00","updated_at":"2026-10-01T04:44:20+07:00"}]
--- B. Hotel (super admin saja)
[B1-admin-brand-buat-hotel] POST /api/admin/hotels -> 403 {"error":"hanya Super Admin Grup yang dapat mengakses ini"}
[B2-buat-hotel] POST /api/admin/hotels -> 201 {"id":17,"name":"HOTEL UJI AUDIT","city":"Makkah","star_rating":4,"distance_m":300,"photo_url":null,"video_url":null,"created_at":"2026-10-01T04:44:20+07:00"}
[B3-duplikat-huruf-kecil] POST /api/admin/hotels -> 409 {"error":"hotel dengan nama ini sudah ada"}
[B4-bintang-6] POST /api/admin/hotels -> 400 {"error":"star_rating harus antara 1-5"}
[B5-kota-selain-makkah-madinah] POST /api/admin/hotels -> 201 {"id":18,"name":"HOTEL KOTA LAIN","city":"Jeddah","star_rating":4,"distance_m":null,"photo_url":null,"video_url":null,"created_at":"2026-10-01T04:44:20+07:00"}
[B6-url-bebas] POST /api/admin/hotels -> 201 {"id":19,"name":"HOTEL URL ANEH","city":"Madinah","star_rating":3,"distance_m":null,"photo_url":"javascript:alert(1)","video_url":"bukan-url","created_at":"2026-10-01T04:44:20+07:00"}
[B7-hapus-hotel-dipakai-paket] DELETE /api/admin/hotels/1 -> 409 {"error":"tidak bisa dihapus, masih dipakai oleh paket lain"}
--- C. Maskapai & bandara
[C1-kode-3-huruf] POST /api/admin/airlines -> 400 {"error":"kode IATA harus 2 karakter"}
[C2-nama-duplikat] POST /api/admin/airlines -> 409 {"error":"maskapai dengan nama ini sudah ada"}
[C3-hapus-maskapai-dipakai] DELETE /api/admin/airlines/1 -> 409 {"error":"tidak bisa dihapus, masih dipakai oleh paket lain"}
[C4-kode-bandara-duplikat] POST /api/admin/airports -> 409 {"error":"Kode bandara sudah digunakan"}
[C5-buat-bandara] POST /api/admin/airports -> 201 {"id":28,"name":"Bandara Uji Audit","code":"ZZA","city":"Uji","created_at":"2026-10-01T04:44:20+07:00","updated_at":"2026-10-01T04:44:20+07:00"}
[C6-hapus-CGK-yang-dipakai-paket] DELETE /api/admin/airports/1 -> 200 {"message":"berhasil dihapus"}
[C7-paket-masih-rujuk-CGK] SQL SELECT id, berangkat_bandara_asal, (SELECT COUNT(*) FROM airports WHERE code='CGK') cgk_masih_ada FROM schedules WHERE id=1
id	berangkat_bandara_asal	cgk_masih_ada
1	CGK	0
--- D. Add-on & itinerary
[D1-buat-addon] POST /api/admin/addons -> 201 {"id":1,"name":"PERLENGKAPAN PREMIUM","created_at":"2026-10-01T04:44:20+07:00"}
[D2-addon-duplikat] POST /api/admin/addons -> 409 {"error":"add-on dengan nama ini sudah ada"}
[D3-buat-itinerary] POST /api/admin/itineraries -> 201 {"id":1,"title":"Itinerary 9 Hari Uji","days":[{"id":1,"itinerary_id":1,"day_number":1,"title":"Hari 1","location":"","activities":[{"time":"","text":"Berangkat CGK"}]},{"id":2,"itinerary_id":1,"day_number":2,"title":"Hari 2","location":"","activities":[{"time":"","text":"Tiba Madinah"}]}],"created_at":"2026-10-01T04:44:21+07:00"}
[D4-hari-tanpa-aktivitas] POST /api/admin/itineraries -> 400 {"error":"aktivitas hari ke-1 minimal 1"}
[D5-update-replace-days] PUT /api/admin/itineraries/1 -> 200 {"id":1,"title":"Itinerary 9 Hari Uji (rev)","days":[{"id":3,"itinerary_id":1,"day_number":1,"title":"Hari 1 rev","location":"","activities":[{"time":"","text":"Kumpul"}]}],"created_at":"2026-10-01T04:44:21+07:00"}
[D6-jumlah-hari-setelah-update] SQL SELECT COUNT(*) hari FROM itinerary_days WHERE itinerary_id=1
hari
1
[D7-publik-itinerary-belum-dipakai-paket-published] GET /api/itineraries/1 -> 404 {"error":"data tidak ditemukan"}
[login-super] POST /api/auth/login -> 200 {"user_id":1,"display_name":"","email":"admin@local.test","role":"admin","access_token":"***","refresh_token":"***","expires_in":900,"token_type":"Bearer"}
[C8-pulihkan-CGK] POST /api/admin/airports -> 201 {"id":29,"name":"Soekarno-Hatta International Airport","code":"CGK","city":"Tangerang (Jakarta)","created_at":"2026-10-01T04:44:48+07:00","updated_at":"2026-10-01T04:44:48+07:00"}
[shape] GET /api/admin/schedules/1 -> 200 {"effective_minimal_dp":5000000,"id":1,"brand_id":1,"category_id":null,"category":null,"jadwal_nama":"Uji Audit Desember","status":"published","is_promo":false,"views":0,"promo_until":null,"is_ticket_confirmed":false,"is_direct_flight":false,"seat_total":16,"seat_sisa":3,"booking_count":20,"maskapai_id":null,"maskapai":{"id":1,"name":"QATAR AIRWAYS","logo_url":null},"berangkat_tanggal":"2026-12-20","berangkat_jam":"08:00","berangkat_kode_penerbangan":"SV817","berangkat_bandara_asal":"CGK","berangkat_bandara_tujuan":"JED","pulang_tanggal":"2026-12-29","pulang_jam":"10:00","pulang_kode_penerbang...
===== MP2 paket 2026-10-01T04:45:35 =====
[login-super] POST /api/auth/login -> 200 {"user_id":1,"display_name":"","email":"admin@local.test","role":"admin","access_token":"***","refresh_token":"***","expires_in":900,"token_type":"Bearer"}
[login-tp] POST /api/auth/login -> 200 {"user_id":2,"display_name":"admin.tp","email":"admin.tp@local.test","role":"admin","access_token":"***","refresh_token":"***","expires_in":900,"token_type":"Bearer"}
[login-bu] POST /api/auth/login -> 200 {"user_id":3,"display_name":"admin.bu","email":"admin.bu@local.test","role":"admin","access_token":"***","refresh_token":"***","expires_in":900,"token_type":"Bearer"}
--- E. Validasi input paket
[E1-hotel-madinah-di-slot-mekkah] POST /api/admin/schedules -> 201 {"effective_minimal_dp":5000000,"id":2,"brand_id":1,"category_id":null,"category":null,"jadwal_nama":"Hotel Tertukar","status":"draft","is_promo":false,"views":0,"promo_until":null,"is_ticket_confirmed":false,"is_direct_flight":false,"seat_total":10,"seat_sisa":10,"booking_count":0,"maskapai_id":null,"maskapai":{"id":1,"name":"QATAR AIRWAYS","logo_url":null},"berangkat_tanggal":"2027-01-15","berangkat_jam":"09:00","berangkat_kode_penerbangan":"QR955","berangkat_bandara_asal":"CGK","berangkat_bandara_tujuan":"MED","pulang_tanggal":"2027-01-24","pulang_jam":"11:00","pulang_kode_penerbangan":"QR9...
[E2-hotel-sama-dua-slot] POST /api/admin/schedules -> 201 {"effective_minimal_dp":5000000,"id":3,"brand_id":1,"category_id":null,"category":null,"jadwal_nama":"Hotel Sama","status":"draft","is_promo":false,"views":0,"promo_until":null,"is_ticket_confirmed":false,"is_direct_flight":false,"seat_total":10,"seat_sisa":10,"booking_count":0,"maskapai_id":null,"maskapai":{"id":1,"name":"QATAR AIRWAYS","logo_url":null},"berangkat_tanggal":"2027-01-15","berangkat_jam":"09:00","berangkat_kode_penerbangan":"QR955","berangkat_bandara_asal":"CGK","berangkat_bandara_tujuan":"MED","pulang_tanggal":"2027-01-24","pulang_jam":"11:00","pulang_kode_penerbangan":"QR956",...
[E3-berangkat-lampau-published] POST /api/admin/schedules -> 201 {"effective_minimal_dp":5000000,"id":4,"brand_id":1,"category_id":null,"category":null,"jadwal_nama":"Berangkat Lampau","status":"published","is_promo":false,"views":0,"promo_until":null,"is_ticket_confirmed":false,"is_direct_flight":false,"seat_total":10,"seat_sisa":10,"booking_count":0,"maskapai_id":null,"maskapai":{"id":1,"name":"QATAR AIRWAYS","logo_url":null},"berangkat_tanggal":"2025-01-10","berangkat_jam":"09:00","berangkat_kode_penerbangan":"QR955","berangkat_bandara_asal":"CGK","berangkat_bandara_tujuan":"MED","pulang_tanggal":"2025-01-19","pulang_jam":"11:00","pulang_kode_penerbangan...
[E4-harga-coret-lebih-kecil] POST /api/admin/schedules -> 400 {"error":"harga_coret harus lebih besar dari harga_quad"}
[E5-dp-melebihi-harga] POST /api/admin/schedules -> 400 {"error":"minimal_dp tidak boleh melebihi harga kamar termurah"}
[E6-quad-lebih-mahal-dari-double] POST /api/admin/schedules -> 201 {"effective_minimal_dp":5000000,"id":5,"brand_id":1,"category_id":null,"category":null,"jadwal_nama":"Harga Terbalik","status":"draft","is_promo":false,"views":0,"promo_until":null,"is_ticket_confirmed":false,"is_direct_flight":false,"seat_total":10,"seat_sisa":10,"booking_count":0,"maskapai_id":null,"maskapai":{"id":1,"name":"QATAR AIRWAYS","logo_url":null},"berangkat_tanggal":"2027-01-15","berangkat_jam":"09:00","berangkat_kode_penerbangan":"QR955","berangkat_bandara_asal":"CGK","berangkat_bandara_tujuan":"MED","pulang_tanggal":"2027-01-24","pulang_jam":"11:00","pulang_kode_penerbangan":"QR9...
[E7-nama-300-karakter] POST /api/admin/schedules -> 500 {"error":"terjadi kesalahan internal: schedule.Create: Error 1406 (22001): Data too long for column 'jadwal_nama' at row 1"}
[E8-kode-bandara-tidak-terdaftar] POST /api/admin/schedules -> 201 {"effective_minimal_dp":5000000,"id":6,"brand_id":1,"category_id":null,"category":null,"jadwal_nama":"Bandara Fiktif","status":"draft","is_promo":false,"views":0,"promo_until":null,"is_ticket_confirmed":false,"is_direct_flight":false,"seat_total":10,"seat_sisa":10,"booking_count":0,"maskapai_id":null,"maskapai":{"id":1,"name":"QATAR AIRWAYS","logo_url":null},"berangkat_tanggal":"2027-01-15","berangkat_jam":"09:00","berangkat_kode_penerbangan":"QR955","berangkat_bandara_asal":"XXX","berangkat_bandara_tujuan":"MED","pulang_tanggal":"2027-01-24","pulang_jam":"11:00","pulang_kode_penerbangan":"QR9...
[E9-kategori-milik-brand2] POST /api/admin/schedules -> 400 {"error":"category_id tidak valid"}
[E10-addon-tidak-ada] POST /api/admin/schedules -> 400 {"error":"add_on_id tidak valid"}
--- F. Kursi & edit form basi (F01)
[F0-buat-paket-brand1] POST /api/admin/schedules -> 201 {"effective_minimal_dp":5000000,"id":7,"brand_id":1,"category_id":null,"category":null,"jadwal_nama":"Paket Uji Master","status":"published","is_promo":false,"views":0,"promo_until":null,"is_ticket_confirmed":false,"is_direct_flight":false,"seat_total":10,"seat_sisa":10,"booking_count":0,"maskapai_id":null,"maskapai":{"id":1,"name":"QATAR AIRWAYS","logo_url":null},"berangkat_tanggal":"2027-01-15","berangkat_jam":"09:00","berangkat_kode_penerbangan":"QR955","berangkat_bandara_asal":"CGK","berangkat_bandara_tujuan":"MED","pulang_tanggal":"2027-01-24","pulang_jam":"11:00","pulang_kode_penerbangan...

[catatan] Run MP2 pertama terhenti di F0 (variabel $pid PowerShell read-only); bagian E dan F0 dijalankan ulang di bawah.
===== MP2 paket 2026-10-01T04:45:49 =====
[login-super] POST /api/auth/login -> 200 {"user_id":1,"display_name":"","email":"admin@local.test","role":"admin","access_token":"***","refresh_token":"***","expires_in":900,"token_type":"Bearer"}
[login-tp] POST /api/auth/login -> 200 {"user_id":2,"display_name":"admin.tp","email":"admin.tp@local.test","role":"admin","access_token":"***","refresh_token":"***","expires_in":900,"token_type":"Bearer"}
[login-bu] POST /api/auth/login -> 200 {"user_id":3,"display_name":"admin.bu","email":"admin.bu@local.test","role":"admin","access_token":"***","refresh_token":"***","expires_in":900,"token_type":"Bearer"}
--- E. Validasi input paket
[E1-hotel-madinah-di-slot-mekkah] POST /api/admin/schedules -> 201 {"effective_minimal_dp":5000000,"id":8,"brand_id":1,"category_id":null,"category":null,"jadwal_nama":"Hotel Tertukar","status":"draft","is_promo":false,"views":0,"promo_until":null,"is_ticket_confirmed":false,"is_direct_flight":false,"seat_total":10,"seat_sisa":10,"booking_count":0,"maskapai_id":null,"maskapai":{"id":1,"name":"QATAR AIRWAYS","logo_url":null},"berangkat_tanggal":"2027-01-15","berangkat_jam":"09:00","berangkat_kode_penerbangan":"QR955","berangkat_bandara_asal":"CGK","berangkat_bandara_tujuan":"MED","pulang_tanggal":"2027-01-24","pulang_jam":"11:00","pulang_kode_penerbangan":"QR9...
[E2-hotel-sama-dua-slot] POST /api/admin/schedules -> 201 {"effective_minimal_dp":5000000,"id":9,"brand_id":1,"category_id":null,"category":null,"jadwal_nama":"Hotel Sama","status":"draft","is_promo":false,"views":0,"promo_until":null,"is_ticket_confirmed":false,"is_direct_flight":false,"seat_total":10,"seat_sisa":10,"booking_count":0,"maskapai_id":null,"maskapai":{"id":1,"name":"QATAR AIRWAYS","logo_url":null},"berangkat_tanggal":"2027-01-15","berangkat_jam":"09:00","berangkat_kode_penerbangan":"QR955","berangkat_bandara_asal":"CGK","berangkat_bandara_tujuan":"MED","pulang_tanggal":"2027-01-24","pulang_jam":"11:00","pulang_kode_penerbangan":"QR956",...
[E3-berangkat-lampau-published] POST /api/admin/schedules -> 201 {"effective_minimal_dp":5000000,"id":10,"brand_id":1,"category_id":null,"category":null,"jadwal_nama":"Berangkat Lampau","status":"published","is_promo":false,"views":0,"promo_until":null,"is_ticket_confirmed":false,"is_direct_flight":false,"seat_total":10,"seat_sisa":10,"booking_count":0,"maskapai_id":null,"maskapai":{"id":1,"name":"QATAR AIRWAYS","logo_url":null},"berangkat_tanggal":"2025-01-10","berangkat_jam":"09:00","berangkat_kode_penerbangan":"QR955","berangkat_bandara_asal":"CGK","berangkat_bandara_tujuan":"MED","pulang_tanggal":"2025-01-19","pulang_jam":"11:00","pulang_kode_penerbanga...
[E4-harga-coret-lebih-kecil] POST /api/admin/schedules -> 400 {"error":"harga_coret harus lebih besar dari harga_quad"}
[E5-dp-melebihi-harga] POST /api/admin/schedules -> 400 {"error":"minimal_dp tidak boleh melebihi harga kamar termurah"}
[E6-quad-lebih-mahal-dari-double] POST /api/admin/schedules -> 201 {"effective_minimal_dp":5000000,"id":11,"brand_id":1,"category_id":null,"category":null,"jadwal_nama":"Harga Terbalik","status":"draft","is_promo":false,"views":0,"promo_until":null,"is_ticket_confirmed":false,"is_direct_flight":false,"seat_total":10,"seat_sisa":10,"booking_count":0,"maskapai_id":null,"maskapai":{"id":1,"name":"QATAR AIRWAYS","logo_url":null},"berangkat_tanggal":"2027-01-15","berangkat_jam":"09:00","berangkat_kode_penerbangan":"QR955","berangkat_bandara_asal":"CGK","berangkat_bandara_tujuan":"MED","pulang_tanggal":"2027-01-24","pulang_jam":"11:00","pulang_kode_penerbangan":"QR...
[E7-nama-300-karakter] POST /api/admin/schedules -> 500 {"error":"terjadi kesalahan internal: schedule.Create: Error 1406 (22001): Data too long for column 'jadwal_nama' at row 1"}
[E8-kode-bandara-tidak-terdaftar] POST /api/admin/schedules -> 201 {"effective_minimal_dp":5000000,"id":12,"brand_id":1,"category_id":null,"category":null,"jadwal_nama":"Bandara Fiktif","status":"draft","is_promo":false,"views":0,"promo_until":null,"is_ticket_confirmed":false,"is_direct_flight":false,"seat_total":10,"seat_sisa":10,"booking_count":0,"maskapai_id":null,"maskapai":{"id":1,"name":"QATAR AIRWAYS","logo_url":null},"berangkat_tanggal":"2027-01-15","berangkat_jam":"09:00","berangkat_kode_penerbangan":"QR955","berangkat_bandara_asal":"XXX","berangkat_bandara_tujuan":"MED","pulang_tanggal":"2027-01-24","pulang_jam":"11:00","pulang_kode_penerbangan":"QR...
[E9-kategori-milik-brand2] POST /api/admin/schedules -> 400 {"error":"category_id tidak valid"}
[E10-addon-tidak-ada] POST /api/admin/schedules -> 400 {"error":"add_on_id tidak valid"}
--- F. Kursi & edit form basi (F01)
[F0-buat-paket-brand1] POST /api/admin/schedules -> 201 {"effective_minimal_dp":5000000,"id":13,"brand_id":1,"category_id":null,"category":null,"jadwal_nama":"Paket Uji Master","status":"published","is_promo":false,"views":0,"promo_until":null,"is_ticket_confirmed":false,"is_direct_flight":false,"seat_total":10,"seat_sisa":10,"booking_count":0,"maskapai_id":null,"maskapai":{"id":1,"name":"QATAR AIRWAYS","logo_url":null},"berangkat_tanggal":"2027-01-15","berangkat_jam":"09:00","berangkat_kode_penerbangan":"QR955","berangkat_bandara_asal":"CGK","berangkat_bandara_tujuan":"MED","pulang_tanggal":"2027-01-24","pulang_jam":"11:00","pulang_kode_penerbanga...
[F0-db] SQL SELECT id,seat_total,seat_sisa,status,brand_id,minimal_dp FROM schedules WHERE id=13
id	seat_total	seat_sisa	status	brand_id	minimal_dp
13	10	10	published	1	5000000
[F1-form-dibuka] GET /api/admin/schedules/13 -> 200 {"effective_minimal_dp":5000000,"id":13,"brand_id":1,"category_id":null,"category":null,"jadwal_nama":"Paket Uji Master","status":"published","is_promo":false,"views":0,"promo_until":null,"is_ticket_confirmed":false,"is_direct_flight":false,"seat_total":10,"seat_sisa":10,"booking_count":0,"maskapai_id":null,"maskapai":{"id":1,"name":"QATAR AIRWAYS","logo_url":null},"berangkat_tanggal":"2027-01-15","berangkat_jam":"09:00","berangkat_kode_penerbangan":"QR955","berangkat_bandara_asal":"CGK","berangkat_bandara_tujuan":"MED","pulang_tanggal":"2027-01-24","pulang_jam":"11:00","pulang_kode_penerbanga...
[F2a-jamaah] POST /api/admin/jamaah -> 201 {"id":182,"brand_id":1,"id_jamaah":"TP-2610000034","kode_jamaah":"NV2PYQ","nama_lengkap":"Jamaah Master Satu","jenis_kelamin":"L","nama_ayah_kandung":null,"nik":"3171010101700881","tempat_lahir":null,"tanggal_lahir":"1970-01-01","no_paspor":null,"tempat_paspor_keluar":null,"tanggal_paspor_keluar":null,"paspor_berlaku_sampai":null,"no_hp":null,"email":null,"pekerjaan":null,"pendidikan_terakhir":null,"penjamin_kesehatan":null,"no_asuransi_bpjs":null,"alamat":null,"kota":null,"catatan":null,"status":"aktif","emergency_nama":null,"emergency_nik":null,"emergency_hp":null,"emergency_hubungan":null,"...
[F2b-jamaah] POST /api/admin/jamaah -> 201 {"id":183,"brand_id":1,"id_jamaah":"TP-2610000035","kode_jamaah":"BADVGX","nama_lengkap":"Jamaah Master Dua","jenis_kelamin":"P","nama_ayah_kandung":null,"nik":"3171014101720882","tempat_lahir":null,"tanggal_lahir":"1972-01-01","no_paspor":null,"tempat_paspor_keluar":null,"tanggal_paspor_keluar":null,"paspor_berlaku_sampai":null,"no_hp":null,"email":null,"pekerjaan":null,"pendidikan_terakhir":null,"penjamin_kesehatan":null,"no_asuransi_bpjs":null,"alamat":null,"kota":null,"catatan":null,"status":"aktif","emergency_nama":null,"emergency_nik":null,"emergency_hp":null,"emergency_hubungan":null,"e...
[F3-booking-masuk-saat-form-terbuka] POST /api/admin/bookings -> 201 {"id":142,"id_booking":"TPTTHR","schedule_id":13,"brand_id":1,"jadwal_nama":"Paket Uji Master","berangkat_tanggal":"2027-01-15T00:00:00+07:00","itinerary_id":1,"pic_jamaah_id":182,"jamaah_id":182,"nama_jamaah":"Jamaah Master Satu","room_type":"Quad","pax_count":2,"regular_pax_count":2,"infant_pax_count":0,"seat_count":2,"harga_dasar":32000000,"status":"baru","is_seat_blocked":true,"total_harga":64000000,"total_dibayar":0,"total_refund":0,"perlu_refund":false,"progress_paspor":false,"progress_visa":false,"progress_tiket":false,"progress_hotel":false,"progress_land_arrangement":false,"progress_m...
[F3-db (sisa 8)] SQL SELECT id,seat_total,seat_sisa,status,brand_id,minimal_dp FROM schedules WHERE id=13
id	seat_total	seat_sisa	status	brand_id	minimal_dp
13	10	8	published	1	5000000
[F4-simpan-form-basi] PUT /api/admin/schedules/13 -> 200 {"effective_minimal_dp":5000000,"id":13,"brand_id":1,"category_id":null,"category":null,"jadwal_nama":"Paket Uji Master (edit nama)","status":"published","is_promo":false,"views":0,"promo_until":null,"is_ticket_confirmed":false,"is_direct_flight":false,"seat_total":10,"seat_sisa":8,"booking_count":1,"maskapai_id":null,"maskapai":{"id":1,"name":"QATAR AIRWAYS","logo_url":null},"berangkat_tanggal":"2027-01-15","berangkat_jam":"09:00","berangkat_kode_penerbangan":"QR955","berangkat_bandara_asal":"CGK","berangkat_bandara_tujuan":"MED","pulang_tanggal":"2027-01-24","pulang_jam":"11:00","pulang_kode...
[F4-db (sisa tetap 8)] SQL SELECT id,seat_total,seat_sisa,status,brand_id,minimal_dp FROM schedules WHERE id=13
id	seat_total	seat_sisa	status	brand_id	minimal_dp
13	10	8	published	1	5000000
[F5-muat-ulang] GET /api/admin/schedules/13 -> 200 {"effective_minimal_dp":5000000,"id":13,"brand_id":1,"category_id":null,"category":null,"jadwal_nama":"Paket Uji Master (edit nama)","status":"published","is_promo":false,"views":0,"promo_until":null,"is_ticket_confirmed":false,"is_direct_flight":false,"seat_total":10,"seat_sisa":8,"booking_count":1,"maskapai_id":null,"maskapai":{"id":1,"name":"QATAR AIRWAYS","logo_url":null},"berangkat_tanggal":"2027-01-15","berangkat_jam":"09:00","berangkat_kode_penerbangan":"QR955","berangkat_bandara_asal":"CGK","berangkat_bandara_tujuan":"MED","pulang_tanggal":"2027-01-24","pulang_jam":"11:00","pulang_kode...
[F6-kapasitas-di-bawah-alokasi] PUT /api/admin/schedules/13 -> 400 {"error":"seat_sisa harus antara 0 dan seat_total"}
[F7-naikkan-kapasitas-20] PUT /api/admin/schedules/13 -> 200 {"effective_minimal_dp":5000000,"id":13,"brand_id":1,"category_id":null,"category":null,"jadwal_nama":"Paket Uji Master (edit nama)","status":"published","is_promo":false,"views":0,"promo_until":null,"is_ticket_confirmed":false,"is_direct_flight":false,"seat_total":20,"seat_sisa":18,"booking_count":1,"maskapai_id":null,"maskapai":{"id":1,"name":"QATAR AIRWAYS","logo_url":null},"berangkat_tanggal":"2027-01-15","berangkat_jam":"09:00","berangkat_kode_penerbangan":"QR955","berangkat_bandara_asal":"CGK","berangkat_bandara_tujuan":"MED","pulang_tanggal":"2027-01-24","pulang_jam":"11:00","pulang_kod...
[F7-db (sisa 18)] SQL SELECT id,seat_total,seat_sisa,status,brand_id,minimal_dp FROM schedules WHERE id=13
id	seat_total	seat_sisa	status	brand_id	minimal_dp
13	20	18	published	1	5000000
--- G. Isolasi brand & kepemilikan
[G1-brand2-baca] GET /api/admin/schedules/13 -> 404 {"error":"data tidak ditemukan"}
[G2-muat] GET /api/admin/schedules/13 -> 200 {"effective_minimal_dp":5000000,"id":13,"brand_id":1,"category_id":null,"category":null,"jadwal_nama":"Paket Uji Master (edit nama)","status":"published","is_promo":false,"views":0,"promo_until":null,"is_ticket_confirmed":false,"is_direct_flight":false,"seat_total":20,"seat_sisa":18,"booking_count":1,"maskapai_id":null,"maskapai":{"id":1,"name":"QATAR AIRWAYS","logo_url":null},"berangkat_tanggal":"2027-01-15","berangkat_jam":"09:00","berangkat_kode_penerbangan":"QR955","berangkat_bandara_asal":"CGK","berangkat_bandara_tujuan":"MED","pulang_tanggal":"2027-01-24","pulang_jam":"11:00","pulang_kod...
[G3-brand2-ubah] PUT /api/admin/schedules/13 -> 404 {"error":"data tidak ditemukan"}
[G4-brand2-arsipkan] PUT /api/admin/schedules/13/status -> 404 {"error":"data tidak ditemukan"}
[G5-brand2-hapus] DELETE /api/admin/schedules/13 -> 404 {"error":"data tidak ditemukan"}
[G6-super-pindah-brand-saat-ada-booking] PUT /api/admin/schedules/13 -> 409 {"error":"perubahan paket ditolak: brand paket yang memiliki booking tidak dapat diubah"}
[G7-hapus-paket-ber-booking] DELETE /api/admin/schedules/13 -> 409 {"error":"tidak bisa dihapus, masih ada jamaah yang booking paket ini"}
--- H. Publik
[H1-publik-brand1] GET /api/schedules?brand=1 -> 200 [{"effective_minimal_dp":5000000,"id":1,"brand_id":1,"category_id":null,"category":null,"jadwal_nama":"Uji Audit Desember","is_promo":false,"views":0,"promo_until":null,"is_ticket_confirmed":false,"is_direct_flight":false,"seat_total":16,"seat_sisa":3,"maskapai":{"id":1,"name":"QATAR AIRWAYS","logo_url":null},"berangkat_tanggal":"2026-12-20","berangkat_jam":"08:00","berangkat_kode_penerbangan":"SV817","berangkat_bandara_asal":"CGK","berangkat_bandara_tujuan":"JED","pulang_tanggal":"2026-12-29","pulang_jam":"10:00","pulang_kode_penerbangan":"SV816","pulang_bandara_asal":"JED","pulang_bandara_tu...
[H1] id publik brand1: #1 #7 #13
[H2-publik-brand2] GET /api/schedules?brand=2 -> 200 []
[H3-detail-dengan-brand-salah] GET /api/schedules/13?brand=2 -> 404 {"error":"data tidak ditemukan"}
[H4-detail-brand-benar] GET /api/schedules/13?brand=1 -> 200 {"effective_minimal_dp":5000000,"id":13,"brand_id":1,"category_id":null,"category":null,"jadwal_nama":"Paket Uji Master (edit nama)","is_promo":false,"views":0,"promo_until":null,"is_ticket_confirmed":false,"is_direct_flight":false,"seat_total":20,"seat_sisa":18,"maskapai":{"id":1,"name":"QATAR AIRWAYS","logo_url":null},"berangkat_tanggal":"2027-01-15","berangkat_jam":"09:00","berangkat_kode_penerbangan":"QR955","berangkat_bandara_asal":"CGK","berangkat_bandara_tujuan":"MED","pulang_tanggal":"2027-01-24","pulang_jam":"11:00","pulang_kode_penerbangan":"QR956","pulang_bandara_asal":"JED","pulang...
[H5-detail-paket-lampau-published] GET /api/schedules/10?brand=1 -> 200 {"effective_minimal_dp":5000000,"id":10,"brand_id":1,"category_id":null,"category":null,"jadwal_nama":"Berangkat Lampau","is_promo":false,"views":0,"promo_until":null,"is_ticket_confirmed":false,"is_direct_flight":false,"seat_total":10,"seat_sisa":10,"maskapai":{"id":1,"name":"QATAR AIRWAYS","logo_url":null},"berangkat_tanggal":"2025-01-10","berangkat_jam":"09:00","berangkat_kode_penerbangan":"QR955","berangkat_bandara_asal":"CGK","berangkat_bandara_tujuan":"MED","pulang_tanggal":"2025-01-19","pulang_jam":"11:00","pulang_kode_penerbangan":"QR956","pulang_bandara_asal":"JED","pulang_bandara_tuj...
[H6-itinerary-publik-setelah-dipakai-paket-published] GET /api/itineraries/1 -> 200 {"id":1,"title":"Itinerary 9 Hari Uji (rev)","days":[{"id":3,"itinerary_id":1,"day_number":1,"title":"Hari 1 rev","location":"","activities":[{"time":"","text":"Kumpul"}]}],"created_at":"2026-10-01T04:44:21+07:00"}
[H7-arsipkan-paket-ber-booking] PUT /api/admin/schedules/13/status -> 200 {"id":13,"status":"archived"}
[H8-detail-setelah-arsip] GET /api/schedules/13?brand=1 -> 404 {"error":"jadwal tidak ditemukan atau belum dipublikasikan"}
[H9-booking-aktif-di-paket-arsip] SQL SELECT id,status FROM bookings WHERE schedule_id=13
id	status
142	baru
[H10-terbitkan-lagi] PUT /api/admin/schedules/13/status -> 200 {"id":13,"status":"published"}
--- I. Perubahan minimal_dp paket vs booking lama (booking #10, paket #1)
[I0-booking-10] SQL SELECT b.id,b.status,b.total_harga,(SELECT SUM(jumlah) FROM payments WHERE booking_id=b.id AND status='confirmed') paid,(SELECT COUNT(*) FROM booking_checkout c WHERE c.booking_id=b.id) snapshot FROM bookings b WHERE b.id=10
id	status	total_harga	paid	snapshot
10	dp	60000000	10000000	0
[I1-muat-paket-1] GET /api/admin/schedules/1 -> 200 {"effective_minimal_dp":5000000,"id":1,"brand_id":1,"category_id":null,"category":null,"jadwal_nama":"Uji Audit Desember","status":"published","is_promo":false,"views":0,"promo_until":null,"is_ticket_confirmed":false,"is_direct_flight":false,"seat_total":16,"seat_sisa":3,"booking_count":20,"maskapai_id":null,"maskapai":{"id":1,"name":"QATAR AIRWAYS","logo_url":null},"berangkat_tanggal":"2026-12-20","berangkat_jam":"08:00","berangkat_kode_penerbangan":"SV817","berangkat_bandara_asal":"CGK","berangkat_bandara_tujuan":"JED","pulang_tanggal":"2026-12-29","pulang_jam":"10:00","pulang_kode_penerbang...
[I2-naikkan-dp-paket-1-ke-6jt] PUT /api/admin/schedules/1 -> 200 {"effective_minimal_dp":6000000,"id":1,"brand_id":1,"category_id":null,"category":null,"jadwal_nama":"Uji Audit Desember","status":"published","is_promo":false,"views":0,"promo_until":null,"is_ticket_confirmed":false,"is_direct_flight":false,"seat_total":16,"seat_sisa":3,"booking_count":20,"maskapai_id":null,"maskapai":{"id":1,"name":"QATAR AIRWAYS","logo_url":null},"berangkat_tanggal":"2026-12-20","berangkat_jam":"08:00","berangkat_kode_penerbangan":"SV817","berangkat_bandara_asal":"CGK","berangkat_bandara_tujuan":"JED","pulang_tanggal":"2026-12-29","pulang_jam":"10:00","pulang_kode_penerbang...
[I3-booking-10-setelah-ubah-dp] SQL SELECT id,status FROM bookings WHERE id=10
id	status
10	dp
[I4-addon-memicu-hitung-ulang] POST /api/admin/bookings/10/addons -> 201 {"id":10,"id_booking":"TP9DX8","schedule_id":1,"brand_id":1,"jadwal_nama":"Uji Audit Desember","berangkat_tanggal":"2026-12-20T00:00:00+07:00","pic_jamaah_id":6,"jamaah_id":6,"nama_jamaah":"Dewi Lestari Uji","room_type":"Quad","pax_count":2,"regular_pax_count":2,"infant_pax_count":0,"seat_count":2,"harga_dasar":30000000,"status":"baru","is_seat_blocked":true,"total_harga":60500000,"total_dibayar":10000000,"total_refund":0,"perlu_refund":false,"progress_paspor":false,"progress_visa":false,"progress_tiket":false,"progress_hotel":false,"progress_land_arrangement":false,"progress_manasik":false,"p...
[I5-booking-10-setelah-hitung-ulang] SQL SELECT id,status,is_seat_blocked,seat_hold_expires_at FROM bookings WHERE id=10
id	status	is_seat_blocked	seat_hold_expires_at
10	baru	1	NULL
[I6-muat-paket-1] GET /api/admin/schedules/1 -> 200 {"effective_minimal_dp":6000000,"id":1,"brand_id":1,"category_id":null,"category":null,"jadwal_nama":"Uji Audit Desember","status":"published","is_promo":false,"views":0,"promo_until":null,"is_ticket_confirmed":false,"is_direct_flight":false,"seat_total":16,"seat_sisa":3,"booking_count":20,"maskapai_id":null,"maskapai":{"id":1,"name":"QATAR AIRWAYS","logo_url":null},"berangkat_tanggal":"2026-12-20","berangkat_jam":"08:00","berangkat_kode_penerbangan":"SV817","berangkat_bandara_asal":"CGK","berangkat_bandara_tujuan":"JED","pulang_tanggal":"2026-12-29","pulang_jam":"10:00","pulang_kode_penerbang...
[I7-kembalikan-dp-5jt] PUT /api/admin/schedules/1 -> 200 {"effective_minimal_dp":5000000,"id":1,"brand_id":1,"category_id":null,"category":null,"jadwal_nama":"Uji Audit Desember","status":"published","is_promo":false,"views":0,"promo_until":null,"is_ticket_confirmed":false,"is_direct_flight":false,"seat_total":16,"seat_sisa":3,"booking_count":20,"maskapai_id":null,"maskapai":{"id":1,"name":"QATAR AIRWAYS","logo_url":null},"berangkat_tanggal":"2026-12-20","berangkat_jam":"08:00","berangkat_kode_penerbangan":"SV817","berangkat_bandara_asal":"CGK","berangkat_bandara_tujuan":"JED","pulang_tanggal":"2026-12-29","pulang_jam":"10:00","pulang_kode_penerbang...
===== MP3 pemulihan data & catatan UI =====
[login-tp] POST /api/auth/login -> 200 {"user_id":2,"display_name":"admin.tp","email":"admin.tp@local.test","role":"admin","access_token":"***","refresh_token":"***","expires_in":900,"token_type":"Bearer"}
[R0-detail] GET /api/admin/bookings/10 -> 200 {"id":10,"id_booking":"TP9DX8","schedule_id":1,"brand_id":1,"jadwal_nama":"Uji Audit Desember","berangkat_tanggal":"2026-12-20T00:00:00+07:00","pic_jamaah_id":6,"jamaah_id":6,"nama_jamaah":"Dewi Lestari Uji","room_type":"Quad","pax_count":2,"regular_pax_count":2,"infant_pax_count":0,"seat_count":2,"harga_dasar":30000000,"status":"baru","is_seat_blocked":true,"total_harga":60500000,"total_dibayar":10000000,"total_refund":0,"perlu_refund":false,"progress_paspor":false,"progress_visa":false,"progress_tiket":false,"progress_hotel":false,"progress_land_arrangement":false,"progress_manasik":false,"p...
[R1-hapus-addon-uji] DELETE /api/admin/bookings/10/addons/4 -> 200 {"id":10,"id_booking":"TP9DX8","schedule_id":1,"brand_id":1,"jadwal_nama":"Uji Audit Desember","berangkat_tanggal":"2026-12-20T00:00:00+07:00","pic_jamaah_id":6,"jamaah_id":6,"nama_jamaah":"Dewi Lestari Uji","room_type":"Quad","pax_count":2,"regular_pax_count":2,"infant_pax_count":0,"seat_count":2,"harga_dasar":30000000,"status":"dp","is_seat_blocked":true,"total_harga":60000000,"total_dibayar":10000000,"total_refund":0,"perlu_refund":false,"progress_paspor":false,"progress_visa":false,"progress_tiket":false,"progress_hotel":false,"progress_land_arrangement":false,"progress_manasik":false,"pro...
[R2-booking-10-kembali] SQL SELECT id,status,total_harga FROM bookings WHERE id=10
id	status	total_harga
10	dp	60000000
[UI] 1440: 10 halaman master paket dimuat tanpa pesan error/overflow; form edit paket #13 disimpan tanpa perubahan -> kembali ke daftar, sisa 18/20 tetap; daftar menampilkan "Berangkat Lampau" (10 Jan 2025) sebagai published tanpa penanda.
[UI] 375: daftar paket scrollWidth 375 = clientWidth 375. Form paket di 375 tidak terverifikasi: panel browser berubah lebar dua kali sehingga emulasi viewport direset.
===== MP4 verifikasi perbaikan MP-01..08 2026-10-01T04:59:19 =====
[login-super] POST /api/auth/login -> 200 {"user_id":1,"display_name":"","email":"admin@local.test","role":"admin","access_token":"***","refresh_token":"***","expires_in":900,"token_type":"Bearer"}
[login-tp] POST /api/auth/login -> 200 {"user_id":2,"display_name":"admin.tp","email":"admin.tp@local.test","role":"admin","access_token":"***","refresh_token":"***","expires_in":900,"token_type":"Bearer"}
[login-bu] POST /api/auth/login -> 200 {"user_id":3,"display_name":"admin.bu","email":"admin.bu@local.test","role":"admin","access_token":"***","refresh_token":"***","expires_in":900,"token_type":"Bearer"}
--- MP-01 kategori khusus super admin
[V1-brand2-baca-kategori-yang-terhubung-brand2] GET /api/admin/categories/3 -> 200 {"id":3,"name":"Titip Brand Lain","slug":"titip-brand-lain","description":null,"is_active":true,"brands":[{"id":1,"name":"Travel Pertama"},{"id":2,"name":"Brand Uji Dua","primary_color":"#1D3A70"}],"created_at":"2026-10-01T04:44:20+07:00","updated_at":"2026-10-01T04:44:20+07:00"}
[V2-brand2-baca-kategori-tanpa-brand2] GET /api/admin/categories/4 -> 404 {"error":"kategori tidak ditemukan"}
[V3-brand2-ubah] PUT /api/admin/categories/3 -> 403 {"error":"hanya Super Admin Grup yang dapat mengakses ini"}
[V4-brand1-hapus] DELETE /api/admin/categories/4 -> 403 {"error":"hanya Super Admin Grup yang dapat mengakses ini"}
[V5-brand1-buat] POST /api/admin/categories -> 403 {"error":"hanya Super Admin Grup yang dapat mengakses ini"}
[V6-super-buat] POST /api/admin/categories -> 201 {"id":5,"name":"Umroh Ramadhan","slug":"umroh-ramadhan","description":null,"is_active":true,"brands":[{"id":1,"name":"Travel Pertama"}],"created_at":"2026-10-01T04:59:21+07:00","updated_at":"2026-10-01T04:59:21+07:00"}
[V7-nama-120-karakter] PUT /api/admin/categories/5 -> 400 {"error":"nama kategori maksimal 100 karakter"}
[V8-brand1-list (tetap bisa)] GET /api/admin/categories -> 200 [{"id":3,"name":"Titip Brand Lain","slug":"titip-brand-lain","description":null,"is_active":true,"brands":[{"id":1,"name":"Travel Pertama"},{"id":2,"name":"Brand Uji Dua","primary_color":"#1D3A70"}],"package_count":0,"created_at":"2026-10-01T04:44:20+07:00","updated_at":"2026-10-01T04:44:20+07:00"},{"id":5,"name":"Umroh Ramadhan","slug":"umroh-ramadhan","description":null,"is_active":true,"brands":[{"id":1,"name":"Travel Pertama"}],"package_count":0,"created_at":"2026-10-01T04:59:21+07:00","updated_at":"2026-10-01T04:59:21+07:00"}]
--- MP-03/04/05/06/08 validasi paket
[V9-hotel-madinah-di-slot-mekkah] POST /api/admin/schedules -> 400 {"error":"hotel_mekkah_id harus hotel di Makkah (hotel terpilih berada di Madinah)"}
[V10-hotel-sama-dua-slot] POST /api/admin/schedules -> 400 {"error":"hotel_madinah_id harus hotel di Madinah (hotel terpilih berada di Makkah)"}
[V11-terbit-tanggal-lampau] POST /api/admin/schedules -> 400 {"error":"paket dengan tanggal berangkat yang sudah lewat tidak dapat diterbitkan"}
[V12-draft-tanggal-lampau (boleh)] POST /api/admin/schedules -> 201 {"effective_minimal_dp":5000000,"id":14,"brand_id":1,"category_id":null,"category":null,"jadwal_nama":"Arsip Lampau","status":"draft","is_promo":false,"views":0,"promo_until":null,"is_ticket_confirmed":false,"is_direct_flight":false,"seat_total":10,"seat_sisa":10,"booking_count":0,"maskapai_id":null,"maskapai":{"id":1,"name":"QATAR AIRWAYS","logo_url":null},"berangkat_tanggal":"2025-01-10","berangkat_jam":"09:00","berangkat_kode_penerbangan":"QR955","berangkat_bandara_asal":"CGK","berangkat_bandara_tujuan":"MED","pulang_tanggal":"2025-01-19","pulang_jam":"11:00","pulang_kode_penerbangan":"QR95...
[V13-terbitkan-draft-lampau] PUT /api/admin/schedules/14/status -> 400 {"error":"paket dengan tanggal berangkat yang sudah lewat tidak dapat diterbitkan"}
[V14-detail-publik-paket-lampau] GET /api/schedules/10?brand=1 -> 404 {"error":"jadwal tidak ditemukan atau belum dipublikasikan"}
[V15-nama-300-karakter] POST /api/admin/schedules -> 400 {"error":"jadwal_nama maksimal 255 karakter"}
[V16-kode-bandara-tidak-terdaftar] POST /api/admin/schedules -> 400 {"error":"bandara asal keberangkatan \"XXX\" tidak terdaftar, pilih kode dari daftar bandara"}
[V17-kode-cgk-huruf-kecil-dinormalisasi] POST /api/admin/schedules -> 201 {"effective_minimal_dp":5000000,"id":15,"brand_id":1,"category_id":null,"category":null,"jadwal_nama":"Paket Valid Huruf Kecil","status":"draft","is_promo":false,"views":0,"promo_until":null,"is_ticket_confirmed":false,"is_direct_flight":false,"seat_total":10,"seat_sisa":10,"booking_count":0,"maskapai_id":null,"maskapai":{"id":1,"name":"QATAR AIRWAYS","logo_url":null},"berangkat_tanggal":"2027-02-10","berangkat_jam":"09:00","berangkat_kode_penerbangan":"QR955","berangkat_bandara_asal":"CGK","berangkat_bandara_tujuan":"MED","pulang_tanggal":"2027-02-19","pulang_jam":"11:00","pulang_kode_penerba...
[V17] berangkat_bandara_asal tersimpan: CGK
[V18-brosur-javascript] POST /api/admin/schedules -> 400 {"error":"brosur harus berupa berkas unggahan atau URL http(s)"}
[V19-hotel-photo-javascript] POST /api/admin/hotels -> 400 {"error":"photo_url/video_url harus berkas unggahan atau URL http(s)"}
[V20-hotel-url-valid] POST /api/admin/hotels -> 201 {"id":20,"name":"HOTEL URL BAGUS","city":"Madinah","star_rating":3,"distance_m":null,"photo_url":"/uploads/hotel-logos/x.png","video_url":"https://www.youtube.com/watch?v=dQw4w9WgXcQ","created_at":"2026-10-01T04:59:22+07:00"}
[V21-logo-data-url] POST /api/admin/airlines -> 400 {"error":"logo_url harus berkas unggahan atau URL http(s)"}
[V22a-cari-CGK] GET /api/admin/airports?q=CGK -> 200 [{"id":22,"name":"Abu Dhabi International Airport","code":"AUH","city":"Abu Dhabi","created_at":"2026-09-30T20:07:24+07:00","updated_at":"2026-09-30T20:07:24+07:00"},{"id":15,"name":"Achmad Yani International Airport","code":"SRG","city":"Semarang","created_at":"2026-09-30T20:07:24+07:00","updated_at":"2026-09-30T20:07:24+07:00"},{"id":5,"name":"Adi Soemarmo International Airport","code":"SOC","city":"Solo","created_at":"2026-09-30T20:07:24+07:00","updated_at":"2026-09-30T20:07:24+07:00"},{"id":28,"name":"Bandara Uji Audit","code":"ZZA","city":"Uji","created_at":"2026-10-01T04:44:20+07:00","up...
[V22-hapus-CGK-yang-dipakai] DELETE /api/admin/airports/29 -> 409 {"error":"tidak bisa dihapus, masih dipakai oleh: 15 paket"}
[V23-hapus-bandara-tidak-dipakai (ZZA)] DELETE /api/admin/airports/28 -> 200 {"message":"berhasil dihapus"}
--- MP-07 pesan kapasitas
[V24a-muat-13] GET /api/admin/schedules/13 -> 200 {"effective_minimal_dp":5000000,"id":13,"brand_id":1,"category_id":null,"category":null,"jadwal_nama":"Paket Uji Master (edit nama)","status":"published","is_promo":false,"views":0,"promo_until":null,"is_ticket_confirmed":false,"is_direct_flight":false,"seat_total":20,"seat_sisa":18,"booking_count":1,"maskapai_id":null,"maskapai":{"id":1,"name":"QATAR AIRWAYS","logo_url":null},"berangkat_tanggal":"2027-01-15","berangkat_jam":"09:00","berangkat_kode_penerbangan":"QR955","berangkat_bandara_asal":"CGK","berangkat_bandara_tujuan":"MED","pulang_tanggal":"2027-01-24","pulang_jam":"11:00","pulang_kod...
[V24-kapasitas-1-teralokasi-2] PUT /api/admin/schedules/13 -> 409 {"error":"perubahan paket ditolak: kapasitas tidak boleh kurang dari kursi teralokasi"}
--- MP-02 snapshot DP
[V25-booking-142] SQL SELECT b.id,b.status,b.dp_per_pax,(SELECT COALESCE(SUM(jumlah),0) FROM payments WHERE booking_id=b.id AND status='confirmed') paid FROM bookings b WHERE b.id=142
id	status	dp_per_pax	paid
142	baru	5000000	0
[V26-bayar-dp-10jt] POST /api/admin/bookings/142/payments -> 201 {"id":113,"booking_id":142,"jumlah":10000000,"metode":"transfer","tanggal":"2026-10-01","status":"confirmed","bukti_url":null,"bank_account_id":null,"destination_bank_name":null,"destination_account_number":null,"destination_account_holder":null,"sender_name":null,"sender_bank":null,"notes":null,"source":"admin","rejection_reason":null,"verified_by":2,"verified_at":"2026-10-01T04:59:22+07:00","created_at":"2026-10-01T04:59:22+07:00"}
[V26-db] SQL SELECT id,status,dp_per_pax FROM bookings WHERE id=142
id	status	dp_per_pax
142	dp	5000000
[V27a-muat-13] GET /api/admin/schedules/13 -> 200 {"effective_minimal_dp":5000000,"id":13,"brand_id":1,"category_id":null,"category":null,"jadwal_nama":"Paket Uji Master (edit nama)","status":"published","is_promo":false,"views":0,"promo_until":null,"is_ticket_confirmed":false,"is_direct_flight":false,"seat_total":20,"seat_sisa":18,"booking_count":1,"maskapai_id":null,"maskapai":{"id":1,"name":"QATAR AIRWAYS","logo_url":null},"berangkat_tanggal":"2027-01-15","berangkat_jam":"09:00","berangkat_kode_penerbangan":"QR955","berangkat_bandara_asal":"CGK","berangkat_bandara_tujuan":"MED","pulang_tanggal":"2027-01-24","pulang_jam":"11:00","pulang_kod...
[V27-naikkan-dp-paket-13-ke-6jt] PUT /api/admin/schedules/13 -> 200 {"effective_minimal_dp":6000000,"id":13,"brand_id":1,"category_id":null,"category":null,"jadwal_nama":"Paket Uji Master (edit nama)","status":"published","is_promo":false,"views":0,"promo_until":null,"is_ticket_confirmed":false,"is_direct_flight":false,"seat_total":20,"seat_sisa":18,"booking_count":1,"maskapai_id":null,"maskapai":{"id":1,"name":"QATAR AIRWAYS","logo_url":null},"berangkat_tanggal":"2027-01-15","berangkat_jam":"09:00","berangkat_kode_penerbangan":"QR955","berangkat_bandara_asal":"CGK","berangkat_bandara_tujuan":"MED","pulang_tanggal":"2027-01-24","pulang_jam":"11:00","pulang_kod...
[V28-addon-memicu-hitung-ulang] POST /api/admin/bookings/142/addons -> 201 {"id":142,"id_booking":"TPTTHR","schedule_id":13,"brand_id":1,"jadwal_nama":"Paket Uji Master (edit nama)","berangkat_tanggal":"2027-01-15T00:00:00+07:00","pic_jamaah_id":182,"jamaah_id":182,"nama_jamaah":"Jamaah Master Satu","room_type":"Quad","pax_count":2,"regular_pax_count":2,"infant_pax_count":0,"seat_count":2,"harga_dasar":32000000,"status":"dp","is_seat_blocked":true,"total_harga":64500000,"total_dibayar":10000000,"total_refund":0,"perlu_refund":false,"progress_paspor":false,"progress_visa":false,"progress_tiket":false,"progress_hotel":false,"progress_land_arrangement":false,"progress_m...
[V29-booking-142-tetap-dp] SQL SELECT id,status,dp_per_pax FROM bookings WHERE id=142
id	status	dp_per_pax
142	dp	5000000
[V30a-jamaah] POST /api/admin/jamaah -> 201 {"id":238,"brand_id":1,"id_jamaah":"TP-2610000036","kode_jamaah":"VSJB68","nama_lengkap":"Jamaah Setelah DP Naik","jenis_kelamin":"L","nama_ayah_kandung":null,"nik":"3171010101650883","tempat_lahir":null,"tanggal_lahir":"1965-01-01","no_paspor":null,"tempat_paspor_keluar":null,"tanggal_paspor_keluar":null,"paspor_berlaku_sampai":null,"no_hp":null,"email":null,"pekerjaan":null,"pendidikan_terakhir":null,"penjamin_kesehatan":null,"no_asuransi_bpjs":null,"alamat":null,"kota":null,"catatan":null,"status":"aktif","emergency_nama":null,"emergency_nik":null,"emergency_hp":null,"emergency_hubungan":nu...
[V30-booking-baru-setelah-dp-naik] POST /api/admin/bookings -> 201 {"id":171,"id_booking":"TPCLHP","schedule_id":13,"brand_id":1,"jadwal_nama":"Paket Uji Master (edit nama)","berangkat_tanggal":"2027-01-15T00:00:00+07:00","pic_jamaah_id":238,"jamaah_id":238,"nama_jamaah":"Jamaah Setelah DP Naik","room_type":"Quad","pax_count":1,"regular_pax_count":1,"infant_pax_count":0,"seat_count":1,"harga_dasar":32000000,"status":"baru","is_seat_blocked":true,"total_harga":32000000,"total_dibayar":0,"total_refund":0,"perlu_refund":false,"progress_paspor":false,"progress_visa":false,"progress_tiket":false,"progress_hotel":false,"progress_land_arrangement":false,"progress_ma...
[V31-snapshot-booking-baru] SQL SELECT id,dp_per_pax FROM bookings WHERE id=171
id	dp_per_pax
171	6000000
[V32a-muat-13] GET /api/admin/schedules/13 -> 200 {"effective_minimal_dp":6000000,"id":13,"brand_id":1,"category_id":null,"category":null,"jadwal_nama":"Paket Uji Master (edit nama)","status":"published","is_promo":false,"views":0,"promo_until":null,"is_ticket_confirmed":false,"is_direct_flight":false,"seat_total":20,"seat_sisa":17,"booking_count":2,"maskapai_id":null,"maskapai":{"id":1,"name":"QATAR AIRWAYS","logo_url":null},"berangkat_tanggal":"2027-01-15","berangkat_jam":"09:00","berangkat_kode_penerbangan":"QR955","berangkat_bandara_asal":"CGK","berangkat_bandara_tujuan":"MED","pulang_tanggal":"2027-01-24","pulang_jam":"11:00","pulang_kod...
[V32-kembalikan-dp-5jt] PUT /api/admin/schedules/13 -> 200 {"effective_minimal_dp":5000000,"id":13,"brand_id":1,"category_id":null,"category":null,"jadwal_nama":"Paket Uji Master (edit nama)","status":"published","is_promo":false,"views":0,"promo_until":null,"is_ticket_confirmed":false,"is_direct_flight":false,"seat_total":20,"seat_sisa":17,"booking_count":2,"maskapai_id":null,"maskapai":{"id":1,"name":"QATAR AIRWAYS","logo_url":null},"berangkat_tanggal":"2027-01-15","berangkat_jam":"09:00","berangkat_kode_penerbangan":"QR955","berangkat_bandara_asal":"CGK","berangkat_bandara_tujuan":"MED","pulang_tanggal":"2027-01-24","pulang_jam":"11:00","pulang_kod...
[login-super] POST /api/auth/login -> 200 {"user_id":1,"display_name":"","email":"admin@local.test","role":"admin","access_token":"***","refresh_token":"***","expires_in":900,"token_type":"Bearer"}
[V33-pesan-hapus-bandara-dipakai] DELETE /api/admin/airports/29 -> 409 {"error":"tidak bisa dihapus, masih dipakai oleh 15 paket"}
===== MP5 verifikasi MP-09 2026-10-01T05:04:25 =====
[login-super] POST /api/auth/login -> 200 {"user_id":1,"display_name":"","email":"admin@local.test","role":"admin","access_token":"***","refresh_token":"***","expires_in":900,"token_type":"Bearer"}
[login-tp] POST /api/auth/login -> 200 {"user_id":2,"display_name":"admin.tp","email":"admin.tp@local.test","role":"admin","access_token":"***","refresh_token":"***","expires_in":900,"token_type":"Bearer"}
--- Urutan harga
[W1-triple-lebih-murah-dari-quad] POST /api/admin/schedules -> 400 {"error":"harga_triple tidak boleh lebih murah dari harga_quad"}
[W2-double-lebih-murah-dari-triple] POST /api/admin/schedules -> 400 {"error":"harga_double tidak boleh lebih murah dari harga_triple"}
[W3-infant-lebih-mahal-dari-quad] POST /api/admin/schedules -> 400 {"error":"harga_infant tidak boleh lebih mahal dari harga_quad"}
[W4-harga-seragam (boleh)] POST /api/admin/schedules -> 201 {"effective_minimal_dp":5000000,"id":16,"brand_id":1,"category_id":null,"category":null,"jadwal_nama":"Harga Seragam","status":"draft","is_promo":false,"views":0,"promo_until":null,"is_ticket_confirmed":false,"is_direct_flight":false,"seat_total":10,"seat_sisa":10,"booking_count":0,"maskapai_id":null,"maskapai":{"id":1,"name":"QATAR AIRWAYS","logo_url":null},"berangkat_tanggal":"2027-03-10","berangkat_jam":"","berangkat_kode_penerbangan":"","berangkat_bandara_asal":"CGK","berangkat_bandara_tujuan":"MED","pulang_tanggal":"2027-03-19","pulang_jam":"","pulang_kode_penerbangan":"","pulang_bandara_...
--- Arsip paket ber-booking
[W5-booking-aktif-paket-13] SQL SELECT COUNT(*) aktif FROM bookings WHERE schedule_id=13 AND status IN ('baru','dp','lunas')
aktif
2
[W6-arsip-paket-13-belum-berangkat] PUT /api/admin/schedules/13/status -> 409 {"error":"paket belum berangkat dan masih punya 2 booking aktif; untuk menghentikan penjualan, ubah status ke Draft"}
[W7a-muat] GET /api/admin/schedules/13 -> 200 {"effective_minimal_dp":5000000,"id":13,"brand_id":1,"category_id":null,"category":null,"jadwal_nama":"Paket Uji Master (edit nama)","status":"published","is_promo":false,"views":0,"promo_until":null,"is_ticket_confirmed":false,"is_direct_flight":false,"seat_total":20,"seat_sisa":17,"booking_count":2,"maskapai_id":null,"maskapai":{"id":1,"name":"QATAR AIRWAYS","logo_url":null},"berangkat_tanggal":"2027-01-15","berangkat_jam":"09:00","berangkat_kode_penerbangan":"QR955","berangkat_bandara_asal":"CGK","berangkat_bandara_tujuan":"MED","pulang_tanggal":"2027-01-24","pulang_jam":"11:00","pulang_kod...
[W7-arsip-lewat-form] PUT /api/admin/schedules/13 -> 409 {"error":"paket belum berangkat dan masih punya 2 booking aktif; untuk menghentikan penjualan, ubah status ke Draft"}
[W8-hentikan-jual-dengan-draft (boleh)] PUT /api/admin/schedules/13/status -> 200 {"id":13,"status":"draft"}
[W9-terbitkan-lagi] PUT /api/admin/schedules/13/status -> 200 {"id":13,"status":"published"}
[W10-arsip-paket-tanpa-booking (boleh)] PUT /api/admin/schedules/15/status -> 200 {"id":15,"status":"archived"}
[W11a-jamaah] POST /api/admin/jamaah -> 201 {"id":263,"brand_id":1,"id_jamaah":"TP-2610000037","kode_jamaah":"XNQ6SU","nama_lengkap":"Jamaah Paket Lampau","jenis_kelamin":"L","nama_ayah_kandung":null,"nik":"3171010101600884","tempat_lahir":null,"tanggal_lahir":"1960-01-01","no_paspor":null,"tempat_paspor_keluar":null,"tanggal_paspor_keluar":null,"paspor_berlaku_sampai":null,"no_hp":null,"email":null,"pekerjaan":null,"pendidikan_terakhir":null,"penjamin_kesehatan":null,"no_asuransi_bpjs":null,"alamat":null,"kota":null,"catatan":null,"status":"aktif","emergency_nama":null,"emergency_nik":null,"emergency_hp":null,"emergency_hubungan":null,...
[W11-booking-di-paket-lampau-14] POST /api/admin/bookings -> 201 {"id":192,"id_booking":"TPWTLV","schedule_id":14,"brand_id":1,"jadwal_nama":"Arsip Lampau","berangkat_tanggal":"2025-01-10T00:00:00+07:00","pic_jamaah_id":263,"jamaah_id":263,"nama_jamaah":"Jamaah Paket Lampau","room_type":"Quad","pax_count":1,"regular_pax_count":1,"infant_pax_count":0,"seat_count":1,"harga_dasar":32000000,"status":"baru","is_seat_blocked":true,"total_harga":32000000,"total_dibayar":0,"total_refund":0,"perlu_refund":false,"progress_paspor":false,"progress_visa":false,"progress_tiket":false,"progress_hotel":false,"progress_land_arrangement":false,"progress_manasik":false,"progr...
[W12-arsip-paket-lampau-ber-booking (boleh)] PUT /api/admin/schedules/14/status -> 200 {"id":14,"status":"archived"}
[UI] tab "Perlu Diarsipkan 2" menampilkan dua paket "Berangkat Lampau" 10 Jan 2025 dengan badge "Sudah berangkat".
